// Jest Snapshot v1, https://goo.gl/fbAQLP

exports[`App renders 1`] = `
.c0 {
  font-size: 18px;
  line-height: 24px;
  box-sizing: border-box;
  -webkit-text-size-adjust: 100%;
  -ms-text-size-adjust: 100%;
  -moz-osx-font-smoothing: grayscale;
  -webkit-font-smoothing: antialiased;
}

.c2 {
  font-size: 18px;
  line-height: 24px;
  max-width: 432px;
}

.c1 {
  font-size: 50px;
  line-height: 56px;
  max-width: 1200px;
  font-weight: 600;
}

@media only screen and (max-width:768px) {
  .c1 {
    font-size: 34px;
    line-height: 40px;
    max-width: 816px;
  }
}

<div
  className="c0"
>
  <h1
    className="-h1 c1"
  >
    Hello World
  </h1>
  <p
    className="c2"
  >
    Hello from a Grommet page!
  </p>
</div>
`;
